listing ...
  landing shows 557 found 557
  filter Dairy free 226 226
  filter Freezer safe 152 152
  filter Gluten free 194 194
  filter Low fat 237 237
  filter Low sugar 304 304
  filter Nut free 280 280
  filter Vegan 106 106
  filter Vegetarian 288 288
  filter Party food 61 61
  filter Side dish / Starter 114 114
  filter Snack 58 58
  filter Main meal 305 305
  filter Celebrations 19 19
  filter Baking and dessert 69 69
  filter Breakfast 36 36
  filter Asian recipes 35 35
  filter Beef 19 19
  filter Chicken 74 74
  filter Fish & Seafood 81 81
  filter Fruit 96 96
  filter Lamb 17 17
  filter Pasta 11 11
  filter Pork 22 22
  filter Rice 3 3
  filter Vegetables 234 234
sitemap ...
  sitemap recipe-path URLs 559
  pages 1/559
  pages 26/559
  pages 51/559
  pages 76/559
  pages 101/559
  pages 126/559
  pages 151/559
  pages 176/559
  pages 201/559
  pages 226/559
  pages 251/559
  pages 276/559
  pages 301/559
  pages 326/559
  pages 351/559
  pages 376/559
  pages 401/559
  pages 426/559
  pages 451/559
  pages 476/559
  pages 501/559
  pages 526/559
  pages 551/559
