  fetched 100/2834
  fetched 200/2834
  fetched 300/2834
  fetched 400/2834
  fetched 500/2834
  fetched 600/2834
  fetched 700/2834
  fetched 800/2834
  503 https://diabetesfoodhub.org/recipes/creamy-chicken-broccoli-basil-pesto-salad; retry in 6s
  503 https://diabetesfoodhub.org/recipes/roasted-chicken-vegetables-and-cranberries; retry in 6s
  503 https://diabetesfoodhub.org/recipes/broccoli-and-mandarin-orange-salad; retry in 6s
  503 https://diabetesfoodhub.org/recipes/creamy-chicken-broccoli-basil-pesto-salad; retry in 12s
  503 https://diabetesfoodhub.org/recipes/cheesy-savory-oatmeal; retry in 6s
  503 https://diabetesfoodhub.org/recipes/parsley-and-cilantro-chimichurri-baked-cod; retry in 6s
  503 https://diabetesfoodhub.org/recipes/creamy-chicken-broccoli-basil-pesto-salad; retry in 24s
  503 https://diabetesfoodhub.org/recipes/cheesy-savory-oatmeal; retry in 12s
  503 https://diabetesfoodhub.org/recipes/parsley-and-cilantro-chimichurri-baked-cod; retry in 12s
  503 https://diabetesfoodhub.org/recipes/spiced-ginger-carrot-soup; retry in 6s
  503 https://diabetesfoodhub.org/recipes/ginger-infused-oatmeal; retry in 6s
  503 https://diabetesfoodhub.org/recipes/whole-wheat-fresh-gingerbread; retry in 6s
  503 https://diabetesfoodhub.org/recipes/low-carb-chicken-and-zucchini-casserole; retry in 6s
  503 https://diabetesfoodhub.org/recipes/turkey-meatball-wonton-soup-bok-choy-carrots; retry in 6s
  503 https://diabetesfoodhub.org/recipes/parmesan-tofu-butternut-squash-noodles; retry in 6s
  503 https://diabetesfoodhub.org/recipes/low-carb-chicken-and-zucchini-casserole; retry in 12s
  503 https://diabetesfoodhub.org/recipes/turkey-meatball-wonton-soup-bok-choy-carrots; retry in 12s
  503 https://diabetesfoodhub.org/recipes/parmesan-tofu-butternut-squash-noodles; retry in 12s
  fetched 900/2834
  503 https://diabetesfoodhub.org/recipes/easy-perfectly-poached-chicken-breast; retry in 6s
  503 https://diabetesfoodhub.org/recipes/apple-cranberry-and-california-dates-oatmeal-bake; retry in 6s
  503 https://diabetesfoodhub.org/recipes/pakistani-besan-chilla-savory-chickpea-pancakes; retry in 6s
  503 https://diabetesfoodhub.org/recipes/vegetarian-pakistani-korma; retry in 6s
  503 https://diabetesfoodhub.org/recipes/vegetarian-lentil-pulao-daal-pulao; retry in 6s
  503 https://diabetesfoodhub.org/recipes/chilaquiles-sunny-side-eggs; retry in 6s
  503 https://diabetesfoodhub.org/recipes/vegetarian-pakistani-korma; retry in 12s
  503 https://diabetesfoodhub.org/recipes/vegetarian-lentil-pulao-daal-pulao; retry in 12s
  503 https://diabetesfoodhub.org/recipes/chilaquiles-sunny-side-eggs; retry in 12s
  503 https://diabetesfoodhub.org/recipes/baked-eggs-roasted-spring-vegetables; retry in 6s
  503 https://diabetesfoodhub.org/recipes/greek-cottage-cheese-bowl; retry in 6s
  503 https://diabetesfoodhub.org/recipes/veggie-waffle-omelette; retry in 6s
  503 https://diabetesfoodhub.org/recipes/roasted-cabbage-chicken-parmesan; retry in 6s
  503 https://diabetesfoodhub.org/recipes/cauliflower-hash-browns-broiled-tomato-egg; retry in 6s
  503 https://diabetesfoodhub.org/recipes/tofu-egg-muffins-sundried-tomato-and-basil; retry in 6s
  503 https://diabetesfoodhub.org/recipes/roasted-cabbage-chicken-parmesan; retry in 12s
  503 https://diabetesfoodhub.org/recipes/cauliflower-hash-browns-broiled-tomato-egg; retry in 12s
  503 https://diabetesfoodhub.org/recipes/tofu-egg-muffins-sundried-tomato-and-basil; retry in 12s
  503 https://diabetesfoodhub.org/recipes/grilled-pineapple-and-chicken-salad; retry in 6s
  503 https://diabetesfoodhub.org/recipes/chicken-shawarma-collard-wraps; retry in 6s
  503 https://diabetesfoodhub.org/recipes/crunchy-iceberg-lettuce-ham-swiss-wraps; retry in 6s
  503 https://diabetesfoodhub.org/recipes/grilled-pineapple-and-chicken-salad; retry in 12s
  503 https://diabetesfoodhub.org/recipes/chicken-shawarma-collard-wraps; retry in 12s
  503 https://diabetesfoodhub.org/recipes/crunchy-iceberg-lettuce-ham-swiss-wraps; retry in 12s
  503 https://diabetesfoodhub.org/recipes/turkey-and-veggie-stir-fry; retry in 6s
  503 https://diabetesfoodhub.org/recipes/pan-seared-salmon-soy-glazed-mushrooms-and-veggie-brown-rice; retry in 6s
  503 https://diabetesfoodhub.org/recipes/whole-wheat-penne-mushrooms-kale; retry in 6s
  fetched 1000/2834
  503 https://diabetesfoodhub.org/recipes/gluten-free-granola; retry in 6s
  fetched 1100/2834
  503 https://diabetesfoodhub.org/recipes/lightly-salted-pistachios; retry in 6s
  503 https://diabetesfoodhub.org/recipes/fresh-carrot-matchsticks; retry in 6s
  503 https://diabetesfoodhub.org/recipes/ham-and-broccoli-breakfast-casserole; retry in 6s
  503 https://diabetesfoodhub.org/recipes/spinach-and-mozzarella-egg-white-bites; retry in 6s
  503 https://diabetesfoodhub.org/recipes/vegetable-breakfast-hash; retry in 6s
  503 https://diabetesfoodhub.org/recipes/spinach-and-mozzarella-egg-white-bites; retry in 12s
  503 https://diabetesfoodhub.org/recipes/vegetable-breakfast-hash; retry in 12s
  503 https://diabetesfoodhub.org/recipes/poached-eggs-sauteed-greens; retry in 6s
  503 https://diabetesfoodhub.org/recipes/apple-cinnamon-quinoa-porridge; retry in 6s
  503 https://diabetesfoodhub.org/recipes/green-goddess-turkey-burger; retry in 6s
  503 https://diabetesfoodhub.org/recipes/vegetable-breakfast-hash; retry in 24s
  503 https://diabetesfoodhub.org/recipes/slow-cooker-braised-beef-carrots-and-turnips; retry in 6s
  503 https://diabetesfoodhub.org/recipes/vegetable-and-hummus-sandwich; retry in 6s
  503 https://diabetesfoodhub.org/recipes/chicken-and-vegetable-fajita-bowl; retry in 6s
  503 https://diabetesfoodhub.org/recipes/vegetable-and-hummus-sandwich; retry in 12s
  503 https://diabetesfoodhub.org/recipes/smoked-salmon-and-avocado-toast; retry in 6s
  503 https://diabetesfoodhub.org/recipes/broiled-tomato-and-cheese-sandwich; retry in 6s
  503 https://diabetesfoodhub.org/recipes/broiled-tomato-and-cheese-sandwich; retry in 12s
  503 https://diabetesfoodhub.org/recipes/lemon-popsicles; retry in 6s
  503 https://diabetesfoodhub.org/recipes/honey-vanilla-and-raspberry-yogurt-popsicles; retry in 6s
  503 https://diabetesfoodhub.org/recipes/honey-vanilla-and-raspberry-yogurt-popsicles; retry in 12s
  503 https://diabetesfoodhub.org/recipes/broiled-tomato-and-cheese-sandwich; retry in 24s
  503 https://diabetesfoodhub.org/recipes/honey-and-walnut-stuffed-dates; retry in 6s
  fetched 1200/2834
  503 https://diabetesfoodhub.org/recipes/whipped-cottage-cheese-dip; retry in 6s
  503 https://diabetesfoodhub.org/recipes/roasted-cauliflower-hummus; retry in 6s
  503 https://diabetesfoodhub.org/recipes/green-pea-hummus; retry in 6s
  503 https://diabetesfoodhub.org/recipes/whipped-cottage-cheese-dip; retry in 12s
  503 https://diabetesfoodhub.org/recipes/roasted-cauliflower-hummus; retry in 12s
  503 https://diabetesfoodhub.org/recipes/trail-mix-pepitas-and-cranberries; retry in 6s
  503 https://diabetesfoodhub.org/recipes/whipped-cottage-cheese-dip; retry in 24s
  503 https://diabetesfoodhub.org/recipes/trail-mix-pepitas-and-cranberries; retry in 12s
  503 https://diabetesfoodhub.org/recipes/pesto-deviled-eggs; retry in 6s
  503 https://diabetesfoodhub.org/recipes/sweet-and-sour-baked-chicken; retry in 6s
  503 https://diabetesfoodhub.org/recipes/green-chili-chicken-casserole; retry in 6s
  503 https://diabetesfoodhub.org/recipes/shrimp-and-grits-stuffed-pepper; retry in 6s
  503 https://diabetesfoodhub.org/recipes/green-chili-chicken-casserole; retry in 12s
  503 https://diabetesfoodhub.org/recipes/shrimp-and-grits-stuffed-pepper; retry in 12s
  503 https://diabetesfoodhub.org/recipes/grilled-steak-and-vegetable-kebabs; retry in 6s
  503 https://diabetesfoodhub.org/recipes/moroccan-salmon; retry in 6s
