  images 100/1378
  images 200/1378
  images 300/1378
  images 400/1378
  images 500/1378
  images 600/1378
  images 700/1378
  images 800/1378
  images 900/1378
  images 1000/1378
  images 1100/1378
  images 1200/1378
  images 1300/1378
sitemap: 1383 /recipes/ + 1451 /es/recipes/; listing says 1382
{
 "listed": 2834,
 "scraped": 1850,
 "with_image": 1850,
 "with_nutrients": 1850,
 "skipped": 984,
 "notes": "Discovery via sitemap.xml only (robots.txt disallows '/recipes?', so the listing pager was not crawled). The /recipes listing header says 1382 recipes; the sitemap has 1383 English /recipes/<slug> URLs and 1451 Spanish /es/recipes/<slug> URLs (listed = 1383 + 1451 = 2834). Spanish pages are the site's own translations, kept as lang 'es' records with source_id 'es-<slug>'; 469 are linked to their English page (translation_of = English source_id, sharing its category/diet/dish/cuisine/method and photo): 468 via sitemap hreflang and 1 with no hreflang link matched by identical photo + calories; 11 Spanish records stand alone (no English counterpart found). lang comes from <html lang>, except Spanish-language recipes published under /recipes/ with lang=en, which are set to 'es'. Sitemap vs listing: of the 1383 English sitemap URLs, 9 301-redirect to the homepage (unpublished) and 1 is a landing page; see skipped.json. Per language: en {'scraped': 1370, 'with_image': 1370, 'with_nutrients': 1370}, es {'scraped': 480, 'with_image': 480, 'with_nutrients': 480}. Parsed from page HTML (the JSON-LD splits ingredients/steps on commas and omits potassium). Nutrition panel mapped per serving; added_sugar_g only from the 'Added Sugars' row; saturated/trans fat and total sugars are kept in nutrients_extra. No phosphorus/calcium values or diabetes exchanges/choices appear on the pages, so food_choices/carb_choices are empty. Ingredient text = US quantity + name (+ note); the metric column is ignored. diet: 'Diabetes' for all, plus tags Gluten-Free, Vegetarian/Vegan, CKD Dialysis -> Dialysis, CKD Non-Dialysis -> CKD non-dialysis ('Kidney-Friendly', 'Low Sodium', 'Low Carb' have no matching value). Extra fields kept per record: tags, credits, nutrients_extra. Origin intermittently returned HTTP 503 'Technical Difficulties' pages (not a bot challenge); these were retried with backoff."
}
